t-bol		    Times-Bold
t-bolita	    Times-BoldItalic
t-ita		    Times-Italic
t-rom		    Times-Roman
t-romsc		    Times-SmallCaps	"/Times-Roman SmallCapsFont"
t-obl		    Times-Oblique	"/Times-Roman 15.5 ObliqueFont"
t-bolobl	    Times-BoldOblique	"/Times-Bold 15 ObliqueFont"
t-itaun		    Times-ItalicUnslanted "/Times-Bold -15.15 ObliqueFont"
t-mathita           Times-MathItalic	"/Times-Italic /SymbolObl /Symbol 15.15 MathOblique"
ag-book		    AvantGarde-Book
ag-bookobl	    AvantGarde-BookOblique
ag-demi		    AvantGarde-Demi
ag-demiobl	    AvantGarde-DemiOblique
b-demi		    Bookman-Demi
b-demiita	    Bookman-DemiItalic
b-lig		    Bookman-Light
b-ligita	    Bookman-LightItalic
ncs-bol		    NewCenturySchlbk-Bold
ncs-bolita	    NewCenturySchlbk-BoldItalic
ncs-ita		    NewCenturySchlbk-Italic
ncs-rom		    NewCenturySchlbk-Roman
p-bol		    Palatino-Bold
p-bolita	    Palatino-BoldItalic
p-ita		    Palatino-Italic
p-rom		    Palatino-Roman
p-romsc		    Palatino-SmallCaps	"/Palatino-Roman SmallCapsFont"
p-obl		    Palatino-Oblique	"/Palatino-Roman 10 ObliqueFont"
p-bolobl	    Palatino-BoldOblique "/Palatino-Bold 10 ObliqueFont"
zc-medita	    ZapfChancery-MediumItalic
zd		    ZapfDingbats
c-bol		    Courier-Bold
c-bolobl	    Courier-BoldOblique
c-obl		    Courier-Oblique
c-med		    Courier
h-bol		    Helvetica-Bold
h-bolobl	    Helvetica-BoldOblique
h-obl		    Helvetica-Oblique
h-med		    Helvetica
