From: yaz@rainbow.oulu.fi (Tuomas K Kaikkonen)
Subject: An ascii map of Finland


   NO      __/\___   |          |/~~~---.__                  /~~~~\
          / 'Utsjoki_/          'Murmanks  ~~--.__           |    /      _/
          |       (/                              `\         |   <__   _/
_/\__,-._ <       /                                 \         \     ~~~
\_       \/    .Ivalo                                \        /
  ~~-.     SF      \_                                 )   ___/
      \              \         ,-.___          ______/   /
       \      .Sodakyla        ~--.__~-----~~~~         /
        )            (               ~~---,      __    /
SE      \    .Rovaniemi                   )     /  \_  \
        /            .Kuusamo             \     \_   \_/
        \Tornio        \                   \      >
    ,----+-.Kemi       (        SU          \____/
  .'Lulea   )           \_
  |     T   \.Oulu       (_
  |    h   /~      .Kajaani\
   >  e   /                <
  /      +Himanka           ~-_
 /  G  .Kokkola                ~-_
/  u  /             .Kuopio.Joensuu
  l .'Vaasa                     /  _
 f  |           .Jyvaskyla     /  /.~-_
    |                         /  /Laatokka
 o  \          Lappeenranta. /  ~-._      >
 f   |     .Tampere         / .Vyborg  ,--'
     |                    _+_/ \     ~~
 B   |              _,--~~      `--~~-.Leningrad
 o   ~-.Turku  _*Helsinki        _/~~~
 t       ~---~~               <~~
 n  The Gulf of Finland ___,--'
 i              __--~~~~
 a           /~`Tallin

_____________________________________________  _____ _____
( Tuomas Kaikkonen    : yaz@tolsun.oulu.fi  ( +I o I-I o I+
) Taidonkaari 1E36    : yaz@rainbow.oulu.fi )  `---' `---'
( SF-90570 Oulu       : yaz@otitsun.oulu.fi (    .(_o_).
) GOTO USA 14June91 MiIlOhNyMaVaFlMoCoOrWaMi)   \_______/
