From: yaz@rainbow.oulu.fi (Tuomas K Kaikkonen)
Subject: An ascii map of IRC Servers in Finland

 .Hammerfest     ___.Svartnes
/               <_____      <\_
     NO     __/\___   /--._<\\_|
           / `Utsjoki/     ~ ~--~>____
_<\        |        >             .Murmansk
\  \__.-._ (       <
 ~\       \/     .Ivalo    SU
   ~\              \_                    (1):tolsun.oulu.fi, rieska.oulu.fi,
     ~\     SF       \_                      ousrvr.oulu.fi
       \               \                 (2):cs.hut.fi, otax.tky.hut.fi
.Kiruna )      .Sodankyla                    hkkk.fi, *.Helsinki.FI,
        \              |                     tel4.tel.vtt.fi, fuug.fi
        )              \                 (3):vehka.cs.uta.fi, lehtori.tut.fi
SE      (    .Rovaniemi \                    tampella.fi
     ___.Tornio       .Kuusamo           (4):jyu.fi
    /     ~.Kemi          )              (5):lut.fi
   .Lulea   )            (               (6):joyds3.joensuu.fi
  /         .Oulu(1)      ~\             (7):polaris.utu.fi
 /        /~       `Kajaani )            (8):brando.uwasa.fi
(        /                  \_     SU
 >      .Himanka              )
/      .Kokkola   SF           ~-_
      /              .Kuopio .Joensuu(6)
    .Vaasa(8)   .Jyvaskyla(4)    /
    \    `Seinajoki             /  /~~--_
     \                         /  / `    ~~\_
      |     .Tampere(3)       /  /_         <
      \                    .Lappeenranta(5)_/
       |           .Lahti __/_.Vyborg  \_|~
       .Turku(7)    _.--~~     \_____
        ~-._  _*Helsinki(2)          ~.Leningrad
 __         ~~                 _.-~~~~
)_/Maarianhamina             <\/
              __.Tallin--~~~~~     SU
             /

_____________________________________________  _____ _____
( Tuomas Kaikkonen    : yaz@tolsun.oulu.fi  ( +I o I-I o I+
) Taidonkaari 1E36    : yaz@rainbow.oulu.fi )  `---' `---'
( SF-90570 Oulu       : yaz@otitsun.oulu.fi (    .(_o_).
) GOTO USA 14June91 MiIlOhNyMaVaFlMoCoOrWaMi)   \_______/
