./dix/glyphcurs.c
./dix/cursor.c
./dix/main.c
./dix/colormap.c
./dix/tables.c
./dix/initatoms.c
./dix/globals.c
./dix/atom.c
./dix/devices.c
./dix/grabs.c
./dix/resource.c
./dix/extension.c
./dix/dispatch.c
./dix/dixfonts.c
./dix/dixutils.c
./dix/swaprep.c
./dix/swapreq.c
./dix/events.c
./dix/property.c
./dix/window.c
./dix/gc.c
./ddx/mi/mipolyrect.c
./ddx/mi/mipolygen.c
./ddx/mi/mipolycon.c
./ddx/mi/mifillrct.c
./ddx/mi/mipolypnt.c
./ddx/mi/mipoly.h
./ddx/mi/mipolytext.c
./ddx/mi/mispritest.h
./ddx/mi/miscanfill.h
./ddx/mi/midispcur.c
./ddx/mi/mipointer.c
./ddx/mi/mipolyseg.c
./ddx/mi/mipoly.c
./ddx/mi/miexpose.c
./ddx/mi/miwindow.c
./ddx/mi/miwideline.h
./ddx/mi/misprite.h
./ddx/mi/mipolyutil.c
./ddx/mi/midash.c
./ddx/mi/miregion.c
./ddx/mi/mispans.h
./ddx/mi/mibstore.c
./ddx/mi/mizerline.c
./ddx/mi/mizerarc.c
./ddx/mi/mifillarc.c
./ddx/mi/mifillarc.h
./ddx/mi/mizerarc.h
./ddx/mi/miarc.c
./ddx/mi/mispans.c
./ddx/mi/misprite.c
./ddx/mi/mi.h
./ddx/mi/micursor.c
./ddx/mi/mifpolycon.c
./ddx/mi/miinitext.c
./ddx/mi/mivaltree.c
./ddx/mi/miglblt.c
./ddx/mi/mibstorest.h
./ddx/mi/mipushpxl.c
./ddx/mi/mifpoly.h
./ddx/mi/mibitblt.c
./ddx/mi/mistruct.h
./ddx/mi/mibstore.h
./ddx/mi/mipointrst.h
./ddx/mi/mipointer.h
./ddx/mi/miwideline.c
./ddx/mfb/mfbcmap.c
./ddx/mfb/mfbmisc.c
./ddx/mfb/mfbfont.c
./ddx/mfb/mfbbresd.c
./ddx/mfb/maskbits.c
./ddx/mfb/mfbpixmap.c
./ddx/mfb/mfbscrinit.c
./ddx/mfb/mfbimage.c
./ddx/mfb/mfbbitblt.c
./ddx/mfb/fastblt.h
./ddx/mfb/mfbtegblt.c
./ddx/mfb/maskbits.h
./ddx/mfb/mfb.h
./ddx/mfb/mfbbres.c
./ddx/mfb/mfbscrclse.c
./ddx/mfb/mfbline.c
./ddx/mfb/mfbfillsp.c
./ddx/mfb/mfbpntarea.c
./ddx/mfb/mfbpntwin.c
./ddx/mfb/mfbtile.c
./ddx/mfb/mfbclip.c
./ddx/mfb/mfbfillrct.c
./ddx/mfb/mfbpolypnt.c
./ddx/mfb/mfbfillarc.c
./ddx/mfb/mfbzerarc.c
./ddx/mfb/mfbimggblt.c
./ddx/mfb/mfbgc.c
./ddx/mfb/mfbgetsp.c
./ddx/mfb/mfbbstore.c
./ddx/mfb/mfbwindow.c
./ddx/mfb/mfbsetsp.c
./ddx/mfb/mfbhrzvert.c
./ddx/mfb/mfbpushpxl.c
./ddx/mfb/mfbplygblt.c
./ddx/mfb/mfbseg.c
./ddx/Xsun/sunCG6C.c
./ddx/Xsun/sunInit.c
./ddx/Xsun/sunUtils.c
./ddx/Xsun/sunIo.c
./ddx/Xsun/sunBW2.c
./ddx/Xsun/sunCursor.c
./ddx/Xsun/sunCG4C.c
./ddx/Xsun/sunKbd.c
./ddx/Xsun/hdr/bw1var.h
./ddx/Xsun/hdr/bw2var.h
./ddx/Xsun/hdr/cg1var.h
./ddx/Xsun/hdr/cg2reg.h
./ddx/Xsun/hdr/cg2var.h
./ddx/Xsun/hdr/cg3var.h
./ddx/Xsun/hdr/cg4var.h
./ddx/Xsun/hdr/cg6fbc.h
./ddx/Xsun/hdr/cg6tec.h
./ddx/Xsun/hdr/cg6thc.h
./ddx/Xsun/hdr/cg6var.h
./ddx/Xsun/hdr/cg8var.h
./ddx/Xsun/hdr/gp1cmds.h
./ddx/Xsun/hdr/gp1reg.h
./ddx/Xsun/hdr/gp1var.h
./ddx/Xsun/hdr/mem_rop_impl_ops.h
./ddx/Xsun/hdr/mem_rop_impl_util.h
./ddx/Xsun/hdr/memreg.h
./ddx/Xsun/hdr/memvar.h
./ddx/Xsun/hdr/pixfont.h
./ddx/Xsun/hdr/pixrect.h
./ddx/Xsun/hdr/pixrect_hs.h
./ddx/Xsun/hdr/pr_dblbuf.h
./ddx/Xsun/hdr/pr_impl_make.h
./ddx/Xsun/hdr/pr_impl_util.h
./ddx/Xsun/hdr/pr_io.h
./ddx/Xsun/hdr/pr_line.h
./ddx/Xsun/hdr/pr_planegroups.h
./ddx/Xsun/hdr/pr_util.h
./ddx/Xsun/hdr/traprop.h
./ddx/Xsun/hdr/ramdac.h
./ddx/Xsun/hdr/cgfour.c
./ddx/Xsun/hdr/cg6reg.h
./ddx/Xsun/hdr/cg4reg.h
./ddx/Xsun/hdr/bw2reg.h
./ddx/Xsun/hdr/machine.eeprom.h
./ddx/Xsun/hdr/mon.eeprom.h
./ddx/Xsun/hdr/sun3.eeprom.h
./ddx/Xsun/hdr/sun4.eeprom.h
./ddx/Xsun/sunMouse.c
./ddx/Xsun/sunKeyMap.c
./ddx/Xsun/keymap.h
./ddx/Xsun/sun.h
./ddx/Xsun/sunCG3C.c
./ddx/cfb/cfbtegblt.c
./ddx/cfb/cfbbres.c
./ddx/cfb/cfb8bit.h
./ddx/cfb/cfbcmap.c
./ddx/cfb/cfbfillsp.c
./ddx/cfb/cfbfillarc.c
./ddx/cfb/cfbwindow.c
./ddx/cfb/cfbline.c
./ddx/cfb/cfbmskbits.c
./ddx/cfb/cfbhrzvert.c
./ddx/cfb/cfbbitblt.c
./ddx/cfb/cfbbresd.c
./ddx/cfb/cfbfillrct.c
./ddx/cfb/cfbpush8.c
./ddx/cfb/cfb8bit.c
./ddx/cfb/cfbzerarc.c
./ddx/cfb/cfbpolypnt.c
./ddx/cfb/cfbteblt8.c
./ddx/cfb/cfb.h
./ddx/cfb/cfbmskbits.h
./ddx/cfb/cfbgc.c
./ddx/cfb/cfbscrinit.c
./ddx/cfb/cfbglblt8.c
./ddx/cfb/cfbrctstp8.c
./ddx/cfb/cfbpntwin.c
./ddx/cfb/cfbpixmap.c
./ddx/cfb/cfbsetsp.c
./ddx/cfb/cfbgetsp.c
./ddx/cfb/cfbbstore.c
./ddx/cfb/cfbimage.c
./ddx/cfb/cfbtileodd.c
./ddx/cfb/cfbseg.c
./ddx/snf/snffonts.c
./ddx/snf/snfstruct.h
./ddx/dec/lk201/lk201.c
./ddx/dec/lk201/keynames.h
./ddx/dec/qvss/qvss_io.c
./ddx/dec/qvss/init.c
./ddx/dec/qdss/libtl/tldma.c
./ddx/dec/qdss/libtl/tlconpolys.c
./ddx/dec/qdss/libtl/tlcopy.c
./ddx/dec/qdss/libtl/tlline.c
./ddx/dec/qdss/libtl/tldchange.c
./ddx/dec/qdss/libtl/tlinit.c
./ddx/dec/qdss/libtl/tldashedline.c
./ddx/dec/qdss/libtl/tldstate.c
./ddx/dec/qdss/libtl/tlgetimage.c
./ddx/dec/qdss/libtl/tlglobals.c
./ddx/dec/qdss/libtl/tldstate.h
./ddx/dec/qdss/libtl/tloddsize.c
./ddx/dec/qdss/libtl/tloffscreen.c
./ddx/dec/qdss/libtl/tlplanestip.c
./ddx/dec/qdss/libtl/tldrawshapes.c
./ddx/dec/qdss/libtl/tlputimage.c
./ddx/dec/qdss/libtl/tlplanecopy.c
./ddx/dec/qdss/libtl/tlptob2color.c
./ddx/dec/qdss/libtl/tlplanestipple.c
./ddx/dec/qdss/libtl/tlspa.c
./ddx/dec/qdss/libtl/tlptobmask.c
./ddx/dec/qdss/libtl/tlplanetile.c
./ddx/dec/qdss/libtl/tlprimitive.c
./ddx/dec/qdss/libtl/tlsg.h
./ddx/dec/qdss/libtl/tlsetspan.c
./ddx/dec/qdss/libtl/tlbitblt.c
./ddx/dec/qdss/libtl/tlrotile.c
./ddx/dec/qdss/libtl/tltranslate.c
./ddx/dec/qdss/libtl/tl.h
./ddx/dec/qdss/libtl/tlsolidline.c
./ddx/dec/qdss/libtl/tlqd.c
./ddx/dec/qdss/libtl/tlimagetext.c
./ddx/dec/qdss/libtl/tlsolidtext.c
./ddx/dec/qdss/libtl/tlpolytext.c
./ddx/dec/qdss/libtl/tlloadtemp.c
./ddx/dec/qdss/libtl/tltemplabels.h
./ddx/dec/qdss/qdcursor.c
./ddx/dec/qdss/qdcopy.c
./ddx/dec/qdss/qdvalidate.h
./ddx/dec/qdss/qddopixel.c
./ddx/dec/qdss/qdss_io.c
./ddx/dec/qdss/Ultrix2.0inc.h
./ddx/dec/qdss/qdcolor.c
./ddx/dec/qdss/qdwindow.c
./ddx/dec/qdss/qd.h
./ddx/dec/qdss/init.c
./ddx/dec/qdss/qdgc.c
./ddx/dec/qdss/qdfont.c
./ddx/dec/qdss/qdimage.c
./ddx/dec/qdss/qdtext.c
./ddx/dec/qdss/qdspans.c
./ddx/dec/qdss/qdregion.c
./ddx/dec/qdss/qdpushpxl.c
./ddx/dec/qdss/qdfill.c
./ddx/dec/qdss/qdgc.h
./ddx/dec/qdss/qdlib.h
./ddx/dec/qdss/qdlines.c
./ddx/dec/qdss/qdmisc.c
./ddx/dec/qdss/qdpaint.h
./ddx/dec/qdss/qdpaintutil.c
./ddx/dec/qdss/qdpixmap.c
./ddx/dec/qdss/qdprocs.h
./ddx/dec/cfbpmax/cfbpmaxcolor.c
./ddx/dec/cfbpmax/cfbpmaxcolor.h
./ddx/dec/cfbpmax/cfbpmax.h
./ddx/dec/cfbpmax/cfbpmax_io.c
./ddx/dec/cfbpmax/init.c
./ddx/dec/mfbpmax/pm.h
./ddx/dec/mfbpmax/mfbpmax_io.c
./ddx/dec/mfbpmax/init.c
./ddx/pcf/fonts/include/bdf.h
./ddx/pcf/fonts/include/cursorfont.h
./ddx/pcf/fonts/include/decwcursor.h
./ddx/pcf/fonts/include/font.h
./ddx/pcf/fonts/include/fontdir.h
./ddx/pcf/fonts/include/fontdirstr.h
./ddx/pcf/fonts/include/fontfile.h
./ddx/pcf/fonts/include/fontfilestr.h
./ddx/pcf/fonts/include/fontlib.h
./ddx/pcf/fonts/include/fontos.h
./ddx/pcf/fonts/include/fontpath.h
./ddx/pcf/fonts/include/fontpathstr.h
./ddx/pcf/fonts/include/fontstr.h
./ddx/pcf/fonts/include/fonttype.h
./ddx/pcf/fonts/include/fosfile.h
./ddx/pcf/fonts/include/fosfilestr.h
./ddx/pcf/fonts/include/pcf.h
./ddx/pcf/fonts/include/psfontdir.h
./ddx/pcf/fonts/lib/utils/fontaccel.c
./ddx/pcf/fonts/lib/utils/fontbounds.c
./ddx/pcf/fonts/lib/utils/fontdump.c
./ddx/pcf/fonts/lib/utils/fontfree.c
./ddx/pcf/fonts/lib/utils/fontutil.c
./ddx/pcf/fonts/lib/pcf/pcfint.h
./ddx/pcf/fonts/lib/pcf/pcfraccel.c
./ddx/pcf/fonts/lib/pcf/pcfrbitmaps.c
./ddx/pcf/fonts/lib/pcf/pcfrencoding.c
./ddx/pcf/fonts/lib/pcf/pcfrfont.c
./ddx/pcf/fonts/lib/pcf/pcfrglyphnms.c
./ddx/pcf/fonts/lib/pcf/pcfrmetrics.c
./ddx/pcf/fonts/lib/pcf/pcfrprops.c
./ddx/pcf/fonts/lib/pcf/pcfrswidths.c
./ddx/pcf/fonts/lib/pcf/pcfrtoc.c
./ddx/pcf/fonts/lib/pcf/pcfutil.c
./ddx/pcf/fonts/lib/pcf/pcfwaccel.c
./ddx/pcf/fonts/lib/pcf/pcfwbitmaps.c
./ddx/pcf/fonts/lib/pcf/pcfwencoding.c
./ddx/pcf/fonts/lib/pcf/pcfwfont.c
./ddx/pcf/fonts/lib/pcf/pcfwglyphnms.c
./ddx/pcf/fonts/lib/pcf/pcfwmetrics.c
./ddx/pcf/fonts/lib/pcf/pcfwprops.c
./ddx/pcf/fonts/lib/pcf/pcfwswidths.c
./ddx/pcf/fonts/lib/bdf/bdfint.h
./ddx/pcf/fonts/lib/bdf/bdfread.c
./ddx/pcf/fonts/lib/bdf/bdfutils.c
./ddx/pcf/fonts/lib/os/fontAtom.c
./ddx/pcf/fonts/lib/os/fontOS.c
./ddx/pcf/fonts/lib/os/fontdir.c
./ddx/pcf/fonts/lib/os/fontfile.c
./ddx/pcf/fonts/lib/os/fontpath.c
./ddx/pcf/fonts/lib/os/fonttype.c
./ddx/pcf/fonts/lib/os/fosfile.c
./ddx/pcf/fonts/lib/os/initatoms.c
./ddx/pcf/fonts/lib/os/psfontdir.c
./ddx/pcf/fonts/tools/bdftopcf/bdftopcf.c
./ddx/pcf/fonts/tools/showpcf/showpcf.c
./ddx/pcf/fonts/tools/mkfontdir/mkfontdir.c
./ddx/pcf/dixfonts.c
./ddx/sprite.X11R3/spriteBW2.c
./ddx/sprite.X11R3/hdr/bw1var.h
./ddx/sprite.X11R3/hdr/bw2var.h
./ddx/sprite.X11R3/hdr/cg1var.h
./ddx/sprite.X11R3/hdr/cg2reg.h
./ddx/sprite.X11R3/hdr/cg2var.h
./ddx/sprite.X11R3/hdr/cg3var.h
./ddx/sprite.X11R3/hdr/cg4var.h
./ddx/sprite.X11R3/hdr/cg6fbc.h
./ddx/sprite.X11R3/hdr/cg6tec.h
./ddx/sprite.X11R3/hdr/cg6thc.h
./ddx/sprite.X11R3/hdr/cg6var.h
./ddx/sprite.X11R3/hdr/cg8var.h
./ddx/sprite.X11R3/hdr/gp1cmds.h
./ddx/sprite.X11R3/hdr/gp1reg.h
./ddx/sprite.X11R3/hdr/gp1var.h
./ddx/sprite.X11R3/hdr/mem_rop_impl_ops.h
./ddx/sprite.X11R3/hdr/mem_rop_impl_util.h
./ddx/sprite.X11R3/hdr/memreg.h
./ddx/sprite.X11R3/hdr/memvar.h
./ddx/sprite.X11R3/hdr/pixfont.h
./ddx/sprite.X11R3/hdr/pixrect.h
./ddx/sprite.X11R3/hdr/pixrect_hs.h
./ddx/sprite.X11R3/hdr/pr_dblbuf.h
./ddx/sprite.X11R3/hdr/pr_impl_make.h
./ddx/sprite.X11R3/hdr/pr_impl_util.h
./ddx/sprite.X11R3/hdr/pr_io.h
./ddx/sprite.X11R3/hdr/pr_line.h
./ddx/sprite.X11R3/hdr/pr_planegroups.h
./ddx/sprite.X11R3/hdr/pr_util.h
./ddx/sprite.X11R3/hdr/traprop.h
./ddx/sprite.X11R3/hdr/ramdac.h
./ddx/sprite.X11R3/hdr/cgfour.c
./ddx/sprite.X11R3/hdr/cg6reg.h
./ddx/sprite.X11R3/hdr/cg4reg.h
./ddx/sprite.X11R3/hdr/bw2reg.h
./ddx/sprite.X11R3/spriteGC.c
./ddx/sprite.X11R3/spriteCG4.c
./ddx/sprite.X11R3/spriteIo.c
./ddx/sprite.X11R3/spriteKbd.c
./ddx/sprite.X11R3/spriteMouse.c
./ddx/sprite.X11R3/spriteCG6.c
./ddx/sprite.X11R3/spriteddx.h
./ddx/sprite.X11R3/spriteCursor.c
./ddx/sprite.X11R3/spriteInit.c
./ddx/sprite.X11R3/spriteCG2M.c
./ddx/Xmfbpmax/machine/dc7085cons.h
./ddx/Xmfbpmax/machine/pmevent.h
./ddx/Xmfbpmax/machine/pmioctl.h
./ddx/Xmfbpmax/machine/pmreg.h
./ddx/Xmfbpmax/init.c
./ddx/Xmfbpmax/mfbpmax_io.c
./ddx/Xmfbpmax/pm.h
./ddx/Xmfbpmax/sys/devio.h
./ddx/Xmfbpmax/sys/tty.h
./ddx/Xmfbpmax/keynames.h
./ddx/Xmfbpmax/lk201.c
./ddx/Xcfbpmax/cfbpmax.h
./ddx/Xcfbpmax/cfbpmaxcolor.c
./ddx/Xcfbpmax/cfbpmaxcolor.h
./ddx/Xcfbpmax/init.c
./ddx/Xcfbpmax/keynames.h
./ddx/Xcfbpmax/lk201.c
./ddx/Xcfbpmax/cfbpmax_io.c
./ddx/sun.old/sunCG6C.c
./ddx/sun.old/sunInit.c
./ddx/sun.old/sunUtils.c
./ddx/sun.old/sunIo.c
./ddx/sun.old/sunCG2M.c
./ddx/sun.old/kbd_mode.c
./ddx/sun.old/sunCursor.c
./ddx/sun.old/sunCG3C.c
./ddx/sun.old/sunCG2C.c
./ddx/sun.old/sunCG4C.c
./ddx/sun.old/constype.c
./ddx/sun.old/sunMouse.c
./ddx/sun.old/sunKeyMap.c
./ddx/sun.old/sunKbd.c
./ddx/sun.old/sunBW2.c
./ddx/sun.old/sun.h
./include/region.h
./include/site.h
./include/opaque.h
./include/inputstr.h
./include/regionstr.h
./include/validate.h
./include/screenint.h
./include/pixmap.h
./include/dixfont.h
./include/selection.h
./include/rgb.h
./include/cursor.h
./include/property.h
./include/colormap.h
./include/colormapst.h
./include/osstruct.h
./include/dixstruct.h
./include/extension.h
./include/propertyst.h
./include/pixmapstr.h
./include/miscstruct.h
./include/fontdir.h
./include/dixfontstr.h
./include/fontstruct.h
./include/servermd.h
./include/windowstr.h
./include/window.h
./include/font.h
./include/input.h
./include/misc.h
./include/gcstruct.h
./include/resource.h
./include/cursorstr.h
./include/extnsionst.h
./include/dix.h
./include/gc.h
./include/scrnintstr.h
./include/os.h
./os/4.2bsd/utils.c
./os/4.2bsd/fonttype.c
./os/4.2bsd/fonttype.h
./os/4.2bsd/oscolor.c
./os/4.2bsd/mitauth.c
./os/4.2bsd/hpsocket.c
./os/4.2bsd/osinit.c
./os/4.2bsd/io.c
./os/4.2bsd/connection.c
./os/4.2bsd/osdep.h
./os/4.2bsd/osfonts.c
./os/4.2bsd/auth.c
./os/4.2bsd/xdmcp.c
./os/4.2bsd/access.c
./os/4.2bsd/WaitFor.c
./os/4.2bsd/genalloca.c
./os/4.2bsd/xdmauth.c
./os/sprite/WaitFor.c
./os/sprite/utils.c
./os/sprite/fonttype.c
./os/sprite/fonttype.h
./os/sprite/oscolor.c
./os/sprite/fontdir.c
./os/sprite/osinit.c
./os/sprite/io.c
./os/sprite/osdep.h
./os/sprite/osfonts.c
./os/sprite/pdev.c
./os/sprite/xdmcp.c
./os/sprite/access.c
./os/sprite/genalloca.c
./os/sprite/connection.c
./os/sprite.X11R3/color.c
./os/sprite.X11R3/connect.c
./os/sprite.X11R3/fileIO.c
./os/sprite.X11R3/osglobals.c
./os/sprite.X11R3/hosts.c
./os/sprite.X11R3/spriteos.h
./os/sprite.X11R3/osinit.c
./os/sprite.X11R3/pdev.c
./os/sprite.X11R3/scheduler.c
./os/sprite.X11R3/utilities.c
./os/sprite.X11R3/tcp.c
./os/sprite.X11R3/buf.h
./os/sprite.X11R3/buf.c
./os/sprite.X11R3/notused.c
./os/sprite.X11R3/fonttype.c
./os/sprite.X11R3/fonttype.h
./os/sprite.X11R3/osfonts.c
./X.c
./extensions/shape.c
./extensions/shape.h
./extensions/shapestr.h
